#! /opt/homebrew/Cellar/icarus-verilog/12.0/bin/vvp
:ivl_version "12.0 (stable)";
:ivl_delay_selection "TYPICAL";
:vpi_time_precision - 12;
:vpi_module "/opt/homebrew/Cellar/icarus-verilog/12.0/lib/ivl/system.vpi";
:vpi_module "/opt/homebrew/Cellar/icarus-verilog/12.0/lib/ivl/vhdl_sys.vpi";
:vpi_module "/opt/homebrew/Cellar/icarus-verilog/12.0/lib/ivl/vhdl_textio.vpi";
:vpi_module "/opt/homebrew/Cellar/icarus-verilog/12.0/lib/ivl/v2005_math.vpi";
:vpi_module "/opt/homebrew/Cellar/icarus-verilog/12.0/lib/ivl/va_math.vpi";
:vpi_module "/opt/homebrew/Cellar/icarus-verilog/12.0/lib/ivl/v2009.vpi";
S_0x134109600 .scope package, "$unit" "$unit" 2 1;
 .timescale 0 0;
S_0x13410b650 .scope module, "tb_i2s_rx" "tb_i2s_rx" 3 3;
 .timescale -9 -12;
P_0x134104fb0 .param/l "DATA_WIDTH" 1 3 6, +C4<00000000000000000000000000011000>;
P_0x134104ff0 .param/l "FRAME_WIDTH" 1 3 7, +C4<00000000000000000000000000100000>;
v0x134122570_0 .net "left_data", 23 0, v0x134121370_0;  1 drivers
v0x134122640_0 .var "lrclk", 0 0;
v0x1341226f0_0 .net "right_data", 23 0, v0x134121820_0;  1 drivers
v0x1341227c0_0 .var "rst_n", 0 0;
v0x134122870_0 .var "sclk", 0 0;
v0x134122940_0 .var "sd", 0 0;
v0x1341229f0_0 .var "sys_clk", 0 0;
v0x134122aa0_0 .net "valid", 0 0, v0x134122040_0;  1 drivers
E_0x134104d60 .event posedge, v0x134121fa0_0;
S_0x134111530 .scope module, "dut" "i2s_rx" 3 24, 4 9 0, S_0x13410b650;
 .timescale 0 0;
    .port_info 0 /INPUT 1 "sys_clk";
    .port_info 1 /INPUT 1 "sclk";
    .port_info 2 /INPUT 1 "lrclk";
    .port_info 3 /INPUT 1 "sd";
    .port_info 4 /INPUT 1 "rst_n";
    .port_info 5 /OUTPUT 24 "left_data";
    .port_info 6 /OUTPUT 24 "right_data";
    .port_info 7 /OUTPUT 1 "valid";
P_0x1341073c0 .param/l "DATA_WIDTH" 0 4 10, +C4<00000000000000000000000000011000>;
P_0x134107400 .param/l "FRAME_WIDTH" 0 4 11, +C4<00000000000000000000000000100000>;
L_0x128040010 .functor BUFT 1, C4<1>, C4<0>, C4<0>, C4<0>;
L_0x134122b70 .functor XNOR 1, v0x134121d10_0, L_0x128040010, C4<0>, C4<0>;
L_0x128040058 .functor BUFT 1, C4<0>, C4<0>, C4<0>, C4<0>;
L_0x134122c80 .functor XNOR 1, v0x134121db0_0, L_0x128040058, C4<0>, C4<0>;
L_0x134122d90 .functor AND 1, L_0x134122b70, L_0x134122c80, C4<1>, C4<1>;
L_0x134122ea0 .functor XOR 1, v0x134121600_0, v0x134121790_0, C4<0>, C4<0>;
L_0x1341230b0 .functor AND 1, L_0x134122d90, L_0x134122f90, C4<1>, C4<1>;
L_0x1341234a0 .functor AND 1, L_0x1341230b0, L_0x134123380, C4<1>, C4<1>;
v0x13410c0e0_0 .net/2u *"_ivl_0", 0 0, L_0x128040010;  1 drivers
L_0x1280400a0 .functor BUFT 1, C4<000001>, C4<0>, C4<0>, C4<0>;
v0x134120c00_0 .net/2u *"_ivl_12", 5 0, L_0x1280400a0;  1 drivers
v0x134120ca0_0 .net *"_ivl_14", 0 0, L_0x134122f90;  1 drivers
v0x134120d30_0 .net *"_ivl_17", 0 0, L_0x1341230b0;  1 drivers
v0x134120dc0_0 .net *"_ivl_18", 31 0, L_0x1341231f0;  1 drivers
v0x134120e70_0 .net *"_ivl_2", 0 0, L_0x134122b70;  1 drivers
L_0x1280400e8 .functor BUFT 1, C4<00000000000000000000000000>, C4<0>, C4<0>, C4<0>;
v0x134120f10_0 .net *"_ivl_21", 25 0, L_0x1280400e8;  1 drivers
L_0x128040130 .functor BUFT 1, C4<00000000000000000000000000011000>, C4<0>, C4<0>, C4<0>;
v0x134120fc0_0 .net/2u *"_ivl_22", 31 0, L_0x128040130;  1 drivers
v0x134121070_0 .net *"_ivl_24", 0 0, L_0x134123380;  1 drivers
v0x134121180_0 .net/2u *"_ivl_4", 0 0, L_0x128040058;  1 drivers
v0x134121220_0 .net *"_ivl_6", 0 0, L_0x134122c80;  1 drivers
v0x1341212c0_0 .var "counter", 5 0;
v0x134121370_0 .var "left_data", 23 0;
v0x134121420_0 .net "lrclk", 0 0, v0x134122640_0;  1 drivers
v0x1341214c0_0 .net "lrclk_toggle", 0 0, L_0x134122ea0;  1 drivers
v0x134121560_0 .var "lrff1", 0 0;
v0x134121600_0 .var "lrff2", 0 0;
v0x134121790_0 .var "lrff3", 0 0;
v0x134121820_0 .var "right_data", 23 0;
v0x1341218b0_0 .net "rst_n", 0 0, v0x1341227c0_0;  1 drivers
v0x134121950_0 .net "sclk", 0 0, v0x134122870_0;  1 drivers
v0x1341219f0_0 .net "sclk_rise", 0 0, L_0x134122d90;  1 drivers
v0x134121a90_0 .net "sd", 0 0, v0x134122940_0;  1 drivers
v0x134121b30_0 .var "sdff1", 0 0;
v0x134121bd0_0 .var "sdff2", 0 0;
v0x134121c70_0 .var "sff1", 0 0;
v0x134121d10_0 .var "sff2", 0 0;
v0x134121db0_0 .var "sff3", 0 0;
v0x134121e50_0 .net "shift_enable", 0 0, L_0x1341234a0;  1 drivers
v0x134121ef0_0 .var "shift_reg", 23 0;
v0x134121fa0_0 .net "sys_clk", 0 0, v0x1341229f0_0;  1 drivers
v0x134122040_0 .var "valid", 0 0;
E_0x134104400/0 .event negedge, v0x1341218b0_0;
E_0x134104400/1 .event posedge, v0x134121fa0_0;
E_0x134104400 .event/or E_0x134104400/0, E_0x134104400/1;
L_0x134122f90 .cmp/ge 6, v0x1341212c0_0, L_0x1280400a0;
L_0x1341231f0 .concat [ 6 26 0 0], v0x1341212c0_0, L_0x1280400e8;
L_0x134123380 .cmp/ge 32, L_0x128040130, L_0x1341231f0;
S_0x1341221a0 .scope task, "send_frame" "send_frame" 3 44, 3 44 0, S_0x13410b650;
 .timescale -9 -12;
v0x134122350_0 .var "channel", 0 0;
v0x134122400_0 .var/i "i", 31 0;
v0x1341224b0_0 .var "payload", 23 0;
E_0x1341067e0 .event posedge, v0x134121950_0;
E_0x134122310 .event negedge, v0x134121950_0;
TD_tb_i2s_rx.send_frame ;
    %wait E_0x134122310;
    %load/vec4 v0x134122350_0;
    %store/vec4 v0x134122640_0, 0, 1;
    %pushi/vec4 0, 0, 1;
    %store/vec4 v0x134122940_0, 0, 1;
    %pushi/vec4 23, 0, 32;
    %store/vec4 v0x134122400_0, 0, 32;
T_0.0 ;
    %load/vec4 v0x134122400_0;
    %cmpi/s 0, 0, 32;
    %flag_inv 5; GE is !LT
    %jmp/0xz T_0.1, 5;
    %wait E_0x134122310;
    %load/vec4 v0x1341224b0_0;
    %load/vec4 v0x134122400_0;
    %part/s 1;
    %store/vec4 v0x134122940_0, 0, 1;
    %load/vec4 v0x134122400_0;
    %subi 1, 0, 32;
    %store/vec4 v0x134122400_0, 0, 32;
    %jmp T_0.0;
T_0.1 ;
    %pushi/vec4 0, 0, 32;
    %store/vec4 v0x134122400_0, 0, 32;
T_0.2 ;
    %load/vec4 v0x134122400_0;
    %cmpi/s 7, 0, 32;
    %jmp/0xz T_0.3, 5;
    %wait E_0x134122310;
    %pushi/vec4 0, 0, 1;
    %store/vec4 v0x134122940_0, 0, 1;
    %load/vec4 v0x134122400_0;
    %addi 1, 0, 32;
    %store/vec4 v0x134122400_0, 0, 32;
    %jmp T_0.2;
T_0.3 ;
    %wait E_0x1341067e0;
    %end;
    .scope S_0x134111530;
T_1 ;
    %wait E_0x134104400;
    %load/vec4 v0x1341218b0_0;
    %nor/r;
    %flag_set/vec4 8;
    %jmp/0xz  T_1.0, 8;
    %pushi/vec4 0, 0, 1;
    %assign/vec4 v0x134121c70_0, 0;
    %pushi/vec4 0, 0, 1;
    %assign/vec4 v0x134121d10_0, 0;
    %pushi/vec4 0, 0, 1;
    %assign/vec4 v0x134121db0_0, 0;
    %jmp T_1.1;
T_1.0 ;
    %load/vec4 v0x134121950_0;
    %assign/vec4 v0x134121c70_0, 0;
    %load/vec4 v0x134121c70_0;
    %assign/vec4 v0x134121d10_0, 0;
    %load/vec4 v0x134121d10_0;
    %assign/vec4 v0x134121db0_0, 0;
T_1.1 ;
    %jmp T_1;
    .thread T_1;
    .scope S_0x134111530;
T_2 ;
    %wait E_0x134104400;
    %load/vec4 v0x1341218b0_0;
    %nor/r;
    %flag_set/vec4 8;
    %jmp/0xz  T_2.0, 8;
    %pushi/vec4 0, 0, 1;
    %assign/vec4 v0x134121560_0, 0;
    %pushi/vec4 0, 0, 1;
    %assign/vec4 v0x134121600_0, 0;
    %pushi/vec4 0, 0, 1;
    %assign/vec4 v0x134121790_0, 0;
    %jmp T_2.1;
T_2.0 ;
    %load/vec4 v0x134121420_0;
    %assign/vec4 v0x134121560_0, 0;
    %load/vec4 v0x134121560_0;
    %assign/vec4 v0x134121600_0, 0;
    %load/vec4 v0x134121600_0;
    %assign/vec4 v0x134121790_0, 0;
T_2.1 ;
    %jmp T_2;
    .thread T_2;
    .scope S_0x134111530;
T_3 ;
    %wait E_0x134104400;
    %load/vec4 v0x1341218b0_0;
    %nor/r;
    %flag_set/vec4 8;
    %jmp/0xz  T_3.0, 8;
    %pushi/vec4 0, 0, 1;
    %assign/vec4 v0x134121b30_0, 0;
    %pushi/vec4 0, 0, 1;
    %assign/vec4 v0x134121bd0_0, 0;
    %jmp T_3.1;
T_3.0 ;
    %load/vec4 v0x134121a90_0;
    %assign/vec4 v0x134121b30_0, 0;
    %load/vec4 v0x134121b30_0;
    %assign/vec4 v0x134121bd0_0, 0;
T_3.1 ;
    %jmp T_3;
    .thread T_3;
    .scope S_0x134111530;
T_4 ;
    %wait E_0x134104400;
    %load/vec4 v0x1341218b0_0;
    %nor/r;
    %flag_set/vec4 8;
    %jmp/0xz  T_4.0, 8;
    %pushi/vec4 0, 0, 6;
    %assign/vec4 v0x1341212c0_0, 0;
    %jmp T_4.1;
T_4.0 ;
    %load/vec4 v0x1341214c0_0;
    %flag_set/vec4 8;
    %jmp/0xz  T_4.2, 8;
    %pushi/vec4 0, 0, 6;
    %assign/vec4 v0x1341212c0_0, 0;
    %jmp T_4.3;
T_4.2 ;
    %load/vec4 v0x1341219f0_0;
    %flag_set/vec4 8;
    %jmp/0xz  T_4.4, 8;
    %load/vec4 v0x1341212c0_0;
    %addi 1, 0, 6;
    %assign/vec4 v0x1341212c0_0, 0;
T_4.4 ;
T_4.3 ;
T_4.1 ;
    %jmp T_4;
    .thread T_4;
    .scope S_0x134111530;
T_5 ;
    %wait E_0x134104400;
    %load/vec4 v0x1341218b0_0;
    %nor/r;
    %flag_set/vec4 8;
    %jmp/0xz  T_5.0, 8;
    %pushi/vec4 0, 0, 24;
    %assign/vec4 v0x134121ef0_0, 0;
    %jmp T_5.1;
T_5.0 ;
    %load/vec4 v0x134121e50_0;
    %flag_set/vec4 8;
    %jmp/0xz  T_5.2, 8;
    %load/vec4 v0x134121ef0_0;
    %parti/s 23, 0, 2;
    %load/vec4 v0x134121bd0_0;
    %concat/vec4; draw_concat_vec4
    %assign/vec4 v0x134121ef0_0, 0;
T_5.2 ;
T_5.1 ;
    %jmp T_5;
    .thread T_5;
    .scope S_0x134111530;
T_6 ;
    %wait E_0x134104400;
    %load/vec4 v0x1341218b0_0;
    %nor/r;
    %flag_set/vec4 8;
    %jmp/0xz  T_6.0, 8;
    %pushi/vec4 0, 0, 24;
    %assign/vec4 v0x134121370_0, 0;
    %pushi/vec4 0, 0, 24;
    %assign/vec4 v0x134121820_0, 0;
    %pushi/vec4 0, 0, 1;
    %assign/vec4 v0x134122040_0, 0;
    %jmp T_6.1;
T_6.0 ;
    %pushi/vec4 0, 0, 1;
    %assign/vec4 v0x134122040_0, 0;
    %load/vec4 v0x1341214c0_0;
    %flag_set/vec4 8;
    %jmp/0xz  T_6.2, 8;
    %load/vec4 v0x134121790_0;
    %cmpi/e 0, 0, 1;
    %jmp/0xz  T_6.4, 4;
    %load/vec4 v0x134121ef0_0;
    %assign/vec4 v0x134121370_0, 0;
    %jmp T_6.5;
T_6.4 ;
    %load/vec4 v0x134121ef0_0;
    %assign/vec4 v0x134121820_0, 0;
    %pushi/vec4 1, 0, 1;
    %assign/vec4 v0x134122040_0, 0;
T_6.5 ;
T_6.2 ;
T_6.1 ;
    %jmp T_6;
    .thread T_6;
    .scope S_0x13410b650;
T_7 ;
    %pushi/vec4 0, 0, 1;
    %store/vec4 v0x1341229f0_0, 0, 1;
    %end;
    .thread T_7;
    .scope S_0x13410b650;
T_8 ;
    %delay 10000, 0;
    %load/vec4 v0x1341229f0_0;
    %inv;
    %store/vec4 v0x1341229f0_0, 0, 1;
    %jmp T_8;
    .thread T_8;
    .scope S_0x13410b650;
T_9 ;
    %pushi/vec4 0, 0, 1;
    %store/vec4 v0x134122870_0, 0, 1;
    %end;
    .thread T_9;
    .scope S_0x13410b650;
T_10 ;
    %delay 160000, 0;
    %load/vec4 v0x134122870_0;
    %inv;
    %store/vec4 v0x134122870_0, 0, 1;
    %jmp T_10;
    .thread T_10;
    .scope S_0x13410b650;
T_11 ;
    %pushi/vec4 1, 0, 1;
    %store/vec4 v0x134122640_0, 0, 1;
    %pushi/vec4 0, 0, 1;
    %store/vec4 v0x134122940_0, 0, 1;
    %pushi/vec4 0, 0, 1;
    %store/vec4 v0x1341227c0_0, 0, 1;
    %delay 100000, 0;
    %wait E_0x134104d60;
    %pushi/vec4 1, 0, 1;
    %store/vec4 v0x1341227c0_0, 0, 1;
    %pushi/vec4 11189196, 0, 24;
    %store/vec4 v0x1341224b0_0, 0, 24;
    %pushi/vec4 0, 0, 1;
    %store/vec4 v0x134122350_0, 0, 1;
    %fork TD_tb_i2s_rx.send_frame, S_0x1341221a0;
    %join;
    %pushi/vec4 1122867, 0, 24;
    %store/vec4 v0x1341224b0_0, 0, 24;
    %pushi/vec4 1, 0, 1;
    %store/vec4 v0x134122350_0, 0, 1;
    %fork TD_tb_i2s_rx.send_frame, S_0x1341221a0;
    %join;
    %pushi/vec4 0, 0, 24;
    %store/vec4 v0x1341224b0_0, 0, 24;
    %pushi/vec4 0, 0, 1;
    %store/vec4 v0x134122350_0, 0, 1;
    %fork TD_tb_i2s_rx.send_frame, S_0x1341221a0;
    %join;
    %pushi/vec4 1193046, 0, 24;
    %store/vec4 v0x1341224b0_0, 0, 24;
    %pushi/vec4 1, 0, 1;
    %store/vec4 v0x134122350_0, 0, 1;
    %fork TD_tb_i2s_rx.send_frame, S_0x1341221a0;
    %join;
    %delay 1000000000, 0;
    %delay 500000, 0;
    %vpi_call/w 3 97 "$finish" {0 0 0};
    %end;
    .thread T_11;
    .scope S_0x13410b650;
T_12 ;
    %vpi_call/w 3 102 "$dumpfile", "sim/i2s_rx/i2s_rx.vcd" {0 0 0};
    %vpi_call/w 3 103 "$dumpvars", 32'sb00000000000000000000000000000000, S_0x13410b650 {0 0 0};
    %end;
    .thread T_12;
# The file index is used to find the file name in the following table.
:file_names 5;
    "N/A";
    "<interactive>";
    "-";
    "tb/i2s_rx/i2s_rx_tb.sv";
    "rtl/i2s_rx.sv";
